#-----------------------------------------------------------
# Vivado v2018.3 (64-bit)
# SW Build 2405991 on Thu Dec  6 23:38:27 MST 2018
# IP Build 2404404 on Fri Dec  7 01:43:56 MST 2018
# Start of session at: Sat Mar 30 12:26:00 2019
# Process ID: 16008
# Current directory: C:/Users/10124/Desktop/ALU
# Command line: vivado.exe -gui_launcher_event rodinguilauncherevent14468 C:\Users\10124\Desktop\ALU\ALU.xpr
# Log file: C:/Users/10124/Desktop/ALU/vivado.log
# Journal file: C:/Users/10124/Desktop/ALU\vivado.jou
#-----------------------------------------------------------
start_gui
open_project C:/Users/10124/Desktop/ALU/ALU.xpr
update_compile_order -fileset sources_1
reset_run synth_1
launch_runs synth_1 -jobs 8
wait_on_run synth_1
reset_run synth_1
launch_runs synth_1 -jobs 8
wait_on_run synth_1
reset_run synth_1
launch_runs synth_1 -jobs 8
wait_on_run synth_1
launch_simulation
source board_test.tcl
close_sim
launch_simulation
source board_test.tcl
close_sim
reset_run synth_1
launch_runs synth_1 -jobs 8
wait_on_run synth_1
launch_simulation
source board_test.tcl
close_sim
launch_simulation
source board_test.tcl
close_sim
launch_simulation
source board_test.tcl
close_sim
launch_simulation
source board_test.tcl
close_sim
launch_simulation
source board_test.tcl
close_sim
launch_simulation
source board_test.tcl
close_sim
file mkdir C:/Users/10124/Desktop/ALU/ALU.srcs/constrs_1
file mkdir C:/Users/10124/Desktop/ALU/ALU.srcs/constrs_1/new
close [ open C:/Users/10124/Desktop/ALU/ALU.srcs/constrs_1/new/board.xdc w ]
add_files -fileset constrs_1 C:/Users/10124/Desktop/ALU/ALU.srcs/constrs_1/new/board.xdc
